// Jest Snapshot v1, https://goo.gl/fbAQLP

exports[`Login Component renders without crashing 1`] = `
<div
  className="body"
>
  <div
    className="intro"
  >
    <div>
      <h1>
        Welcome to
        <br />
        <span>
          Bright Events
        </span>
      </h1>
      <p>
        create and manage different types of events while making them easily accessible to target markets
      </p>
    </div>
  </div>
  <div
    className="form"
  >
    <ul
      className="tab-group"
    >
      <li
        className="tab"
      >
        <Link
          replace={false}
          to="/signup"
        >
          Signup
        </Link>
      </li>
      <li
        className="tab active"
      >
        <Link
          replace={false}
          to="/login"
        >
          login
        </Link>
      </li>
    </ul>
    <div
      className="tab-content"
    >
      <div
        id="signup"
      >
        <h3>
          Welcome Back!
        </h3>
        <form
          method="POST"
          onSubmit={[Function]}
        >
          <div
            className="field-wrap"
          >
            <label>
               
              Email Address
              <span
                className="req"
              >
                *
              </span>
               
            </label>
            <input
              name="email"
              onChange={[Function]}
              required={true}
              type="email"
            />
          </div>
          <div
            className="field-wrap"
          >
            <label>
               
              Set A Password
              <span
                className="req"
              >
                *
              </span>
               
            </label>
            <input
              name="password"
              onChange={[Function]}
              required={true}
              type="password"
            />
          </div>
          <p
            className="forgot"
          >
            <Link
              replace={false}
              to="/"
            >
              Forgot Password?
            </Link>
          </p>
          <button
            className="button button-block"
            value="submit"
          >
            Log In
          </button>
        </form>
      </div>
      <div
        id="login"
      >
        <h3>
          Welcome Back!
        </h3>
        <form
          action="index.html"
          method="post"
        >
          <div
            className="field-wrap"
          >
            <label>
               
              Email Address
              <span
                className="req"
              >
                *
              </span>
               
            </label>
            <input
              required={true}
              type="email"
            />
          </div>
          <div
            className="field-wrap"
          >
            <label>
               
              Password
              <span
                className="req"
              >
                *
              </span>
               
            </label>
            <input
              required={true}
              type="password"
            />
          </div>
          <p
            className="forgot"
          />
          <a
            className="button button-block"
            href="index.html"
          >
            Log In
          </a>
        </form>
      </div>
    </div>
  </div>
</div>
`;
